// Jest Snapshot v1, https://goo.gl/fbAQLP

exports[`Text Wrapping Snapshots Custom maxWidth should control wrapping width 1`] = `
<svg xmlns="http://www.w3.org/2000/svg" width="1043" height="765.1999999999999"
viewBox="-100 -272 1043 765.1999999999999">
  <defs>
    <linearGradient id="level1Gradient" x1="0%" y1="0%" x2="100%" y2="100%">
      <stop offset="0%" style="stop-color:#535353;stop-opacity:1" />
      <stop offset="100%" style="stop-color:#080808;stop-opacity:1" />
    </linearGradient>
    <linearGradient id="level2Gradient" x1="0%" y1="0%" x2="100%" y2="100%">
      <stop offset="0%" style="stop-color:#535353;stop-opacity:1" />
      <stop offset="100%" style="stop-color:#080808;stop-opacity:1" />
    </linearGradient>
    <linearGradient id="level3Gradient" x1="0%" y1="0%" x2="100%" y2="100%">
      <stop offset="0%" style="stop-color:#535353;stop-opacity:1" />
      <stop offset="100%" style="stop-color:#080808;stop-opacity:1" />
    </linearGradient>
    <linearGradient id="level4Gradient" x1="0%" y1="0%" x2="100%" y2="100%">
      <stop offset="0%" style="stop-color:#535353;stop-opacity:1" />
      <stop offset="100%" style="stop-color:#080808;stop-opacity:1" />
    </linearGradient>
    <linearGradient id="level5Gradient" x1="0%" y1="0%" x2="100%" y2="100%">
      <stop offset="0%" style="stop-color:#535353;stop-opacity:1" />
      <stop offset="100%" style="stop-color:#080808;stop-opacity:1" />
    </linearGradient>
    <linearGradient id="level6Gradient" x1="0%" y1="0%" x2="100%" y2="100%">
      <stop offset="0%" style="stop-color:#535353;stop-opacity:1" />
      <stop offset="100%" style="stop-color:#080808;stop-opacity:1" />
    </linearGradient>
    <filter id="dropShadow">
      <feGaussianBlur in="SourceAlpha" stdDeviation="2" />
      <feOffset dx="2" dy="2" result="offsetblur" />
      <feComponentTransfer>
        <feFuncA type="linear" slope="0.2" />
      </feComponentTransfer>
      <feMerge>
        <feMergeNode/>
        <feMergeNode in="SourceGraphic" />
      </feMerge>
    </filter>
  </defs>
  <path d="M 100 168.79999999999995
                     C 112 168.79999999999995,
                       118 37.19999999999996,
                       130 37.19999999999996" stroke="#666666" stroke-width="2"
  fill="none" />
  <path d="M 246 37.19999999999996
                     C 258 37.19999999999996,
                       264 52.79999999999997,
                       276 52.79999999999997" stroke="#666666" stroke-width="2"
  fill="none" />
  <path d="M 394 52.79999999999997
                     C 406 52.79999999999997,
                       412 0,
                       424 0" stroke="#666666" stroke-width="2" fill="none"
  />
  <path d="M 544 0
                     C 556 0,
                       562 21.6,
                       574 21.6" stroke="#666666" stroke-width="2" fill="none"
  />
  <path d="M 693 21.6
                     C 705 21.6,
                       711 0,
                       723 0" stroke="#666666" stroke-width="2" fill="none"
  />
  <rect x="723" y="-63.99999999999999" width="120" height="127.99999999999999"
  rx="5" ry="5" fill="url(#level6Gradient)" fill-opacity="0.9" stroke="#cccccc"
  stroke-width="2" filter="url(#dropShadow)" id="node_6ebf66eb_rect" class="node-shape"
  />
  <text id="node_6ebf66eb_text" font-family="-apple-system, BlinkMacSystemFont, Segoe UI, Roboto, Arial, sans-serif"
  font-size="18px" font-weight="bold" fill="#000000" text-anchor="middle"
  class="node-text" pointer-events="none">
    <tspan x="783" y="-43.199999999999996">Level 6</tspan>
    <tspan x="783" dy="21.599999999999998">with</tspan>
    <tspan x="783" dy="21.599999999999998">ThisIsAReallyLongWordWithNoSpacesThatShouldBeSplitIntoMultipleChunksWhenWrappingIsEnabled</tspan>
    <tspan
    x="783" dy="21.599999999999998">for testing</tspan>
      <tspan x="783" dy="21.599999999999998">purposes</tspan>
  </text>
  <rect x="574" y="-20.799999999999997" width="119" height="84.8" rx="5"
  ry="5" fill="url(#level5Gradient)" fill-opacity="0.9" stroke="#cccccc"
  stroke-width="2" filter="url(#dropShadow)" id="node_3296cfa7_rect" class="node-shape"
  />
  <text id="node_3296cfa7_text" font-family="-apple-system, BlinkMacSystemFont, Segoe UI, Roboto, Arial, sans-serif"
  font-size="18px" font-weight="bold" fill="#000000" text-anchor="middle"
  class="node-text" pointer-events="none">
    <tspan x="633.5" y="1.7763568394002505e-15">Level 5</tspan>
    <tspan x="633.5" dy="21.599999999999998">with normal</tspan>
    <tspan x="633.5" dy="21.599999999999998">text</tspan>
  </text>
  <g class="collapse-indicator" id="node_3296cfa7_indicator">
    <circle cx="699" cy="21.6" r="6" fill="#525252" stroke="#3d3d3d" stroke-width="1"
    />
    <line x1="696" y1="21.6" x2="702" y2="21.6" stroke="#fff" stroke-width="1.5"
    />
  </g>
  <rect x="424" y="-171.99999999999997" width="120" height="343.99999999999994"
  rx="5" ry="5" fill="url(#level4Gradient)" fill-opacity="0.9" stroke="#cccccc"
  stroke-width="2" filter="url(#dropShadow)" id="node_2fe81c0a_rect" class="node-shape"
  />
  <text id="node_2fe81c0a_text" font-family="-apple-system, BlinkMacSystemFont, Segoe UI, Roboto, Arial, sans-serif"
  font-size="18px" font-weight="bold" fill="#000000" text-anchor="middle"
  class="node-text" pointer-events="none">
    <tspan x="484" y="-151.19999999999996">Level 4</tspan>
    <tspan x="484" dy="21.599999999999998">contains a</tspan>
    <tspan x="484" dy="21.599999999999998">very very</tspan>
    <tspan x="484" dy="21.599999999999998">very very</tspan>
    <tspan x="484" dy="21.599999999999998">very very</tspan>
    <tspan x="484" dy="21.599999999999998">very very</tspan>
    <tspan x="484" dy="21.599999999999998">very very</tspan>
    <tspan x="484" dy="21.599999999999998">very long</tspan>
    <tspan x="484" dy="21.599999999999998">word</tspan>
    <tspan x="484" dy="21.599999999999998">supercalifragilisticexpialidocious</tspan>
    <tspan x="484" dy="21.599999999999998">which</tspan>
    <tspan x="484" dy="21.599999999999998">should be</tspan>
    <tspan x="484" dy="21.599999999999998">split based</tspan>
    <tspan x="484" dy="21.599999999999998">on</tspan>
    <tspan x="484" dy="21.599999999999998">maxWordLength</tspan>
  </text>
  <g class="collapse-indicator" id="node_2fe81c0a_indicator">
    <circle cx="550" cy="0" r="6" fill="#525252" stroke="#3d3d3d" stroke-width="1"
    />
    <line x1="547" y1="0" x2="553" y2="0" stroke="#fff" stroke-width="1.5"
    />
  </g>
  <rect x="276" y="-66.40000000000003" width="118" height="238.4" rx="5"
  ry="5" fill="url(#level3Gradient)" fill-opacity="0.9" stroke="#cccccc"
  stroke-width="2" filter="url(#dropShadow)" id="node_7d12c1d8_rect" class="node-shape"
  />
  <text id="node_7d12c1d8_text" font-family="-apple-system, BlinkMacSystemFont, Segoe UI, Roboto, Arial, sans-serif"
  font-size="14px" font-weight="normal" fill="#000000" text-anchor="middle"
  class="node-text" pointer-events="none">
    <tspan x="335" y="-48.000000000000036">Level 3 bullet</tspan>
    <tspan x="335" dy="16.8">with a</tspan>
    <tspan x="335" dy="16.8">significantly</tspan>
    <tspan x="335" dy="16.8">long text</tspan>
    <tspan x="335" dy="16.8">string that</tspan>
    <tspan x="335" dy="16.8">will</tspan>
    <tspan x="335" dy="16.8">definitely</tspan>
    <tspan x="335" dy="16.8">need to wrap</tspan>
    <tspan x="335" dy="16.8">because it</tspan>
    <tspan x="335" dy="16.8">exceeds any</tspan>
    <tspan x="335" dy="16.8">reasonable</tspan>
    <tspan x="335" dy="16.8">node width</tspan>
    <tspan x="335" dy="16.8">limit</tspan>
  </text>
  <g class="collapse-indicator" id="node_7d12c1d8_indicator">
    <circle cx="400" cy="52.79999999999997" r="6" fill="#525252" stroke="#3d3d3d"
    stroke-width="1" />
    <line x1="397" y1="52.79999999999997" x2="403" y2="52.79999999999997"
    stroke="#fff" stroke-width="1.5" />
  </g>
  <rect x="130" y="-97.60000000000005" width="116" height="269.6" rx="5"
  ry="5" fill="url(#level2Gradient)" fill-opacity="0.9" stroke="#cccccc"
  stroke-width="2" filter="url(#dropShadow)" id="node_2908721_rect" class="node-shape"
  />
  <text id="node_2908721_text" font-family="-apple-system, BlinkMacSystemFont, Segoe UI, Roboto, Arial, sans-serif"
  font-size="16px" font-weight="normal" fill="#000000" text-anchor="middle"
  class="node-text" pointer-events="none">
    <tspan x="188" y="-78.00000000000004">This is a</tspan>
    <tspan x="188" dy="19.2">level 2</tspan>
    <tspan x="188" dy="19.2">heading with</tspan>
    <tspan x="188" dy="19.2">a very long</tspan>
    <tspan x="188" dy="19.2">text that</tspan>
    <tspan x="188" dy="19.2">should be</tspan>
    <tspan x="188" dy="19.2">wrapped to</tspan>
    <tspan x="188" dy="19.2">multiple</tspan>
    <tspan x="188" dy="19.2">lines based</tspan>
    <tspan x="188" dy="19.2">on</tspan>
    <tspan x="188" dy="19.2">configured</tspan>
    <tspan x="188" dy="19.2">maximum</tspan>
    <tspan x="188" dy="19.2">width</tspan>
  </text>
  <g class="collapse-indicator" id="node_2908721_indicator">
    <circle cx="252" cy="37.19999999999996" r="6" fill="#525252" stroke="#3d3d3d"
    stroke-width="1" />
    <line x1="249" y1="37.19999999999996" x2="255" y2="37.19999999999996"
    stroke="#fff" stroke-width="1.5" />
  </g>
  <path d="M 100 168.79999999999995
                     C 112 168.79999999999995,
                       118 363.99999999999994,
                       130 363.99999999999994" stroke="#666666" stroke-width="2"
  fill="none" />
  <path d="M 230 363.99999999999994
                     C 242 363.99999999999994,
                       248 363.99999999999994,
                       260 363.99999999999994" stroke="#666666" stroke-width="2"
  fill="none" />
  <rect x="260" y="345.59999999999997" width="104" height="36.8" rx="5"
  ry="5" fill="url(#level3Gradient)" fill-opacity="0.9" stroke="#cccccc"
  stroke-width="2" filter="url(#dropShadow)" id="node_614144a8_rect" class="node-shape"
  />
  <text x="312" y="363.99999999999994" id="node_614144a8_text" font-family="-apple-system, BlinkMacSystemFont, Segoe UI, Roboto, Arial, sans-serif"
  font-size="14px" font-weight="normal" fill="#000000" text-anchor="middle"
  dominant-baseline="middle" class="node-text" pointer-events="none">Short bullet</text>
  <rect x="130" y="334.79999999999995" width="100" height="58.4"
  rx="5" ry="5" fill="url(#level2Gradient)" fill-opacity="0.9" stroke="#cccccc"
  stroke-width="2" filter="url(#dropShadow)" id="node_7ada6a38_rect" class="node-shape"
  />
  <text id="node_7ada6a38_text" font-family="-apple-system, BlinkMacSystemFont, Segoe UI, Roboto, Arial, sans-serif"
  font-size="16px" font-weight="normal" fill="#000000" text-anchor="middle"
  class="node-text" pointer-events="none">
    <tspan x="180" y="354.4">Regular</tspan>
    <tspan x="180" dy="19.2">heading</tspan>
  </text>
  <g class="collapse-indicator" id="node_7ada6a38_indicator">
    <circle cx="236" cy="363.99999999999994" r="6" fill="#525252" stroke="#3d3d3d"
    stroke-width="1" />
    <line x1="233" y1="363.99999999999994" x2="239" y2="363.99999999999994"
    stroke="#fff" stroke-width="1.5" />
  </g>
  <rect x="0" y="126.39999999999995" width="100" height="84.8" rx="5" ry="5"
  fill="url(#level1Gradient)" fill-opacity="0.9" stroke="#cccccc" stroke-width="2"
  filter="url(#dropShadow)" id="node_195b867_rect" class="node-shape" />
  <text id="node_195b867_text" font-family="-apple-system, BlinkMacSystemFont, Segoe UI, Roboto, Arial, sans-serif"
  font-size="18px" font-weight="bold" fill="#000000" text-anchor="middle"
  class="node-text" pointer-events="none">
    <tspan x="50" y="147.19999999999996">Text</tspan>
    <tspan x="50" dy="21.599999999999998">Wrapping</tspan>
    <tspan x="50" dy="21.599999999999998">Test</tspan>
  </text>
  <g class="collapse-indicator" id="node_195b867_indicator">
    <circle cx="106" cy="168.79999999999995" r="6" fill="#525252" stroke="#3d3d3d"
    stroke-width="1" />
    <line x1="103" y1="168.79999999999995" x2="109" y2="168.79999999999995"
    stroke="#fff" stroke-width="1.5" />
  </g>
</svg>
`;

exports[`Text Wrapping Snapshots Custom maxWordLength should control word splitting 1`] = `
<svg xmlns="http://www.w3.org/2000/svg" width="1592" height="528.8" viewBox="-100 -196.39999999999998 1592 528.8">
  <defs>
    <linearGradient id="level1Gradient" x1="0%" y1="0%" x2="100%" y2="100%">
      <stop offset="0%" style="stop-color:#535353;stop-opacity:1" />
      <stop offset="100%" style="stop-color:#080808;stop-opacity:1" />
    </linearGradient>
    <linearGradient id="level2Gradient" x1="0%" y1="0%" x2="100%" y2="100%">
      <stop offset="0%" style="stop-color:#535353;stop-opacity:1" />
      <stop offset="100%" style="stop-color:#080808;stop-opacity:1" />
    </linearGradient>
    <linearGradient id="level3Gradient" x1="0%" y1="0%" x2="100%" y2="100%">
      <stop offset="0%" style="stop-color:#535353;stop-opacity:1" />
      <stop offset="100%" style="stop-color:#080808;stop-opacity:1" />
    </linearGradient>
    <linearGradient id="level4Gradient" x1="0%" y1="0%" x2="100%" y2="100%">
      <stop offset="0%" style="stop-color:#535353;stop-opacity:1" />
      <stop offset="100%" style="stop-color:#080808;stop-opacity:1" />
    </linearGradient>
    <linearGradient id="level5Gradient" x1="0%" y1="0%" x2="100%" y2="100%">
      <stop offset="0%" style="stop-color:#535353;stop-opacity:1" />
      <stop offset="100%" style="stop-color:#080808;stop-opacity:1" />
    </linearGradient>
    <linearGradient id="level6Gradient" x1="0%" y1="0%" x2="100%" y2="100%">
      <stop offset="0%" style="stop-color:#535353;stop-opacity:1" />
      <stop offset="100%" style="stop-color:#080808;stop-opacity:1" />
    </linearGradient>
    <filter id="dropShadow">
      <feGaussianBlur in="SourceAlpha" stdDeviation="2" />
      <feOffset dx="2" dy="2" result="offsetblur" />
      <feComponentTransfer>
        <feFuncA type="linear" slope="0.2" />
      </feComponentTransfer>
      <feMerge>
        <feMergeNode/>
        <feMergeNode in="SourceGraphic" />
      </feMerge>
    </filter>
  </defs>
  <path d="M 182 105.2
                     C 194 105.2,
                       200 38.39999999999999,
                       212 38.39999999999999" stroke="#666666" stroke-width="2"
  fill="none" />
  <path d="M 432 38.39999999999999
                     C 444 38.39999999999999,
                       450 35.999999999999986,
                       462 35.999999999999986" stroke="#666666" stroke-width="2"
  fill="none" />
  <path d="M 671 35.999999999999986
                     C 683 35.999999999999986,
                       689 0,
                       701 0" stroke="#666666" stroke-width="2" fill="none"
  />
  <path d="M 921 0
                     C 933 0,
                       939 10.8,
                       951 10.8" stroke="#666666" stroke-width="2" fill="none"
  />
  <path d="M 1142 10.8
                     C 1154 10.8,
                       1160 0,
                       1172 0" stroke="#666666" stroke-width="2" fill="none"
  />
  <rect x="1172" y="-42.4" width="220" height="84.8" rx="5" ry="5" fill="url(#level6Gradient)"
  fill-opacity="0.9" stroke="#cccccc" stroke-width="2" filter="url(#dropShadow)"
  id="node_6ebf66eb_rect" class="node-shape" />
  <text id="node_6ebf66eb_text" font-family="-apple-system, BlinkMacSystemFont, Segoe UI, Roboto, Arial, sans-serif"
  font-size="18px" font-weight="bold" fill="#000000" text-anchor="middle"
  class="node-text" pointer-events="none">
    <tspan x="1282" y="-21.6">Level 6 with</tspan>
    <tspan x="1282" dy="21.599999999999998">ThisIsAReallyLongWordWithNoSpacesThatShouldBeSplitIntoMultipleChunksWhenWrappingIsEnabled</tspan>
    <tspan
    x="1282" dy="21.599999999999998">for testing purposes</tspan>
  </text>
  <rect x="951" y="-20.799999999999997" width="191" height="63.199999999999996"
  rx="5" ry="5" fill="url(#level5Gradient)" fill-opacity="0.9" stroke="#cccccc"
  stroke-width="2" filter="url(#dropShadow)" id="node_3296cfa7_rect" class="node-shape"
  />
  <text id="node_3296cfa7_text" font-family="-apple-system, BlinkMacSystemFont, Segoe UI, Roboto, Arial, sans-serif"
  font-size="18px" font-weight="bold" fill="#000000" text-anchor="middle"
  class="node-text" pointer-events="none">
    <tspan x="1046.5" y="1.7763568394002505e-15">Level 5 with normal</tspan>
    <tspan x="1046.5" dy="21.599999999999998">text</tspan>
  </text>
  <g class="collapse-indicator" id="node_3296cfa7_indicator">
    <circle cx="1148" cy="10.8" r="6" fill="#525252" stroke="#3d3d3d" stroke-width="1"
    />
    <line x1="1145" y1="10.8" x2="1151" y2="10.8" stroke="#fff" stroke-width="1.5"
    />
  </g>
  <rect x="701" y="-96.39999999999999" width="220" height="192.79999999999998"
  rx="5" ry="5" fill="url(#level4Gradient)" fill-opacity="0.9" stroke="#cccccc"
  stroke-width="2" filter="url(#dropShadow)" id="node_2fe81c0a_rect" class="node-shape"
  />
  <text id="node_2fe81c0a_text" font-family="-apple-system, BlinkMacSystemFont, Segoe UI, Roboto, Arial, sans-serif"
  font-size="18px" font-weight="bold" fill="#000000" text-anchor="middle"
  class="node-text" pointer-events="none">
    <tspan x="811" y="-75.6">Level 4 contains a</tspan>
    <tspan x="811" dy="21.599999999999998">very very very very</tspan>
    <tspan x="811" dy="21.599999999999998">very very very very</tspan>
    <tspan x="811" dy="21.599999999999998">very very very long</tspan>
    <tspan x="811" dy="21.599999999999998">word</tspan>
    <tspan x="811" dy="21.599999999999998">supercalifragilisticexpialidocious</tspan>
    <tspan x="811" dy="21.599999999999998">which should be split</tspan>
    <tspan x="811" dy="21.599999999999998">based on maxWordLength</tspan>
  </text>
  <g class="collapse-indicator" id="node_2fe81c0a_indicator">
    <circle cx="927" cy="0" r="6" fill="#525252" stroke="#3d3d3d" stroke-width="1"
    />
    <line x1="924" y1="0" x2="930" y2="0" stroke="#fff" stroke-width="1.5"
    />
  </g>
  <rect x="462" y="-24.40000000000002" width="209" height="120.80000000000001"
  rx="5" ry="5" fill="url(#level3Gradient)" fill-opacity="0.9" stroke="#cccccc"
  stroke-width="2" filter="url(#dropShadow)" id="node_7d12c1d8_rect" class="node-shape"
  />
  <text id="node_7d12c1d8_text" font-family="-apple-system, BlinkMacSystemFont, Segoe UI, Roboto, Arial, sans-serif"
  font-size="14px" font-weight="normal" fill="#000000" text-anchor="middle"
  class="node-text" pointer-events="none">
    <tspan x="566.5" y="-6.0000000000000195">Level 3 bullet with a</tspan>
    <tspan x="566.5" dy="16.8">significantly long text</tspan>
    <tspan x="566.5" dy="16.8">string that will definitely</tspan>
    <tspan x="566.5" dy="16.8">need to wrap because it</tspan>
    <tspan x="566.5" dy="16.8">exceeds any reasonable node</tspan>
    <tspan x="566.5" dy="16.8">width limit</tspan>
  </text>
  <g class="collapse-indicator" id="node_7d12c1d8_indicator">
    <circle cx="677" cy="35.999999999999986" r="6" fill="#525252" stroke="#3d3d3d"
    stroke-width="1" />
    <line x1="674" y1="35.999999999999986" x2="680" y2="35.999999999999986"
    stroke="#fff" stroke-width="1.5" />
  </g>
  <rect x="212" y="-19.60000000000001" width="220" height="116" rx="5" ry="5"
  fill="url(#level2Gradient)" fill-opacity="0.9" stroke="#cccccc" stroke-width="2"
  filter="url(#dropShadow)" id="node_2908721_rect" class="node-shape" />
  <text id="node_2908721_text" font-family="-apple-system, BlinkMacSystemFont, Segoe UI, Roboto, Arial, sans-serif"
  font-size="16px" font-weight="normal" fill="#000000" text-anchor="middle"
  class="node-text" pointer-events="none">
    <tspan x="322" y="-8.881784197001252e-15">This is a level 2 heading</tspan>
    <tspan x="322" dy="19.2">with a very long text</tspan>
    <tspan x="322" dy="19.2">that should be wrapped to</tspan>
    <tspan x="322" dy="19.2">multiple lines based on</tspan>
    <tspan x="322" dy="19.2">configured maximum width</tspan>
  </text>
  <g class="collapse-indicator" id="node_2908721_indicator">
    <circle cx="438" cy="38.39999999999999" r="6" fill="#525252" stroke="#3d3d3d"
    stroke-width="1" />
    <line x1="435" y1="38.39999999999999" x2="441" y2="38.39999999999999"
    stroke="#fff" stroke-width="1.5" />
  </g>
  <path d="M 182 105.2
                     C 194 105.2,
                       200 212.79999999999998,
                       212 212.79999999999998" stroke="#666666" stroke-width="2"
  fill="none" />
  <path d="M 352 212.79999999999998
                     C 364 212.79999999999998,
                       370 212.79999999999998,
                       382 212.79999999999998" stroke="#666666" stroke-width="2"
  fill="none" />
  <rect x="382" y="194.39999999999998" width="104" height="36.8" rx="5"
  ry="5" fill="url(#level3Gradient)" fill-opacity="0.9" stroke="#cccccc"
  stroke-width="2" filter="url(#dropShadow)" id="node_614144a8_rect" class="node-shape"
  />
  <text x="434" y="212.79999999999998" id="node_614144a8_text" font-family="-apple-system, BlinkMacSystemFont, Segoe UI, Roboto, Arial, sans-serif"
  font-size="14px" font-weight="normal" fill="#000000" text-anchor="middle"
  dominant-baseline="middle" class="node-text" pointer-events="none">Short bullet</text>
  <rect x="212" y="193.2" width="140" height="39.2" rx="5"
  ry="5" fill="url(#level2Gradient)" fill-opacity="0.9" stroke="#cccccc"
  stroke-width="2" filter="url(#dropShadow)" id="node_7ada6a38_rect" class="node-shape"
  />
  <text x="282" y="212.79999999999998" id="node_7ada6a38_text" font-family="-apple-system, BlinkMacSystemFont, Segoe UI, Roboto, Arial, sans-serif"
  font-size="16px" font-weight="normal" fill="#000000" text-anchor="middle"
  dominant-baseline="middle" class="node-text" pointer-events="none">Regular heading</text>
  <g class="collapse-indicator" id="node_7ada6a38_indicator">
    <circle cx="358" cy="212.79999999999998" r="6" fill="#525252" stroke="#3d3d3d"
    stroke-width="1" />
    <line x1="355" y1="212.79999999999998" x2="361" y2="212.79999999999998"
    stroke="#fff" stroke-width="1.5" />
  </g>
  <rect x="0" y="84.4" width="182" height="41.599999999999994" rx="5" ry="5"
  fill="url(#level1Gradient)" fill-opacity="0.9" stroke="#cccccc" stroke-width="2"
  filter="url(#dropShadow)" id="node_195b867_rect" class="node-shape" />
  <text x="91" y="105.2" id="node_195b867_text" font-family="-apple-system, BlinkMacSystemFont, Segoe UI, Roboto, Arial, sans-serif"
  font-size="18px" font-weight="bold" fill="#000000" text-anchor="middle"
  dominant-baseline="middle" class="node-text" pointer-events="none">Text Wrapping Test</text>
  <g class="collapse-indicator" id="node_195b867_indicator">
    <circle cx="188" cy="105.2" r="6" fill="#525252" stroke="#3d3d3d" stroke-width="1"
    />
    <line x1="185" y1="105.2" x2="191" y2="105.2" stroke="#fff" stroke-width="1.5"
    />
  </g>
</svg>
`;

exports[`Text Wrapping Snapshots Default preset with word wrapping renders correctly 1`] = `
<svg xmlns="http://www.w3.org/2000/svg" width="1683" height="497.6" viewBox="-100 -185.6 1683 497.6">
  <defs>
    <linearGradient id="level1Gradient" x1="0%" y1="0%" x2="100%" y2="100%">
      <stop offset="0%" style="stop-color:#8089c9;stop-opacity:1" />
      <stop offset="100%" style="stop-color:#434ea0;stop-opacity:1" />
    </linearGradient>
    <linearGradient id="level1ConnectionGradient" x1="0%" y1="0%" x2="100%"
    y2="100%">
      <stop offset="0%" style="stop-color:#616aae;stop-opacity:1" />
      <stop offset="100%" style="stop-color:#343e8b;stop-opacity:1" />
    </linearGradient>
    <linearGradient id="level2Gradient" x1="0%" y1="0%" x2="100%" y2="100%">
      <stop offset="0%" style="stop-color:#979ed9;stop-opacity:1" />
      <stop offset="100%" style="stop-color:#5f69b5;stop-opacity:1" />
    </linearGradient>
    <linearGradient id="level2ConnectionGradient" x1="0%" y1="0%" x2="100%"
    y2="100%">
      <stop offset="0%" style="stop-color:#7781c5;stop-opacity:1" />
      <stop offset="100%" style="stop-color:#4d58a4;stop-opacity:1" />
    </linearGradient>
    <linearGradient id="level3Gradient" x1="0%" y1="0%" x2="100%" y2="100%">
      <stop offset="0%" style="stop-color:#acb3e4;stop-opacity:1" />
      <stop offset="100%" style="stop-color:#7a83c2;stop-opacity:1" />
    </linearGradient>
    <linearGradient id="level3ConnectionGradient" x1="0%" y1="0%" x2="100%"
    y2="100%">
      <stop offset="0%" style="stop-color:#8891d4;stop-opacity:1" />
      <stop offset="100%" style="stop-color:#5f69b5;stop-opacity:1" />
    </linearGradient>
    <linearGradient id="level4Gradient" x1="0%" y1="0%" x2="100%" y2="100%">
      <stop offset="0%" style="stop-color:#c0c6e4;stop-opacity:1" />
      <stop offset="100%" style="stop-color:#959cc2;stop-opacity:1" />
    </linearGradient>
    <linearGradient id="level5Gradient" x1="0%" y1="0%" x2="100%" y2="100%">
      <stop offset="0%" style="stop-color:#d5d9f0;stop-opacity:1" />
      <stop offset="100%" style="stop-color:#b0b5d2;stop-opacity:1" />
    </linearGradient>
    <linearGradient id="level6Gradient" x1="0%" y1="0%" x2="100%" y2="100%">
      <stop offset="0%" style="stop-color:#535353;stop-opacity:1" />
      <stop offset="100%" style="stop-color:#080808;stop-opacity:1" />
    </linearGradient>
    <filter id="dropShadow">
      <feGaussianBlur in="SourceAlpha" stdDeviation="2" />
      <feOffset dx="2" dy="2" result="offsetblur" />
      <feComponentTransfer>
        <feFuncA type="linear" slope="0.2" />
      </feComponentTransfer>
      <feMerge>
        <feMergeNode/>
        <feMergeNode in="SourceGraphic" />
      </feMerge>
    </filter>
  </defs>
  <path d="M 256 74
                   C 288 74,
                     304 -3,
                     336 -3
                   L 336 3
                   C 304 3,
                     288 90,
                     256 90
                   Z" fill="url(#gradient_node_195b867_node_2908721)"
  />
  <path d="M 554 -4
                   C 578 -4,
                     590 -2,
                     614 -2
                   L 614 2
                   C 590 2,
                     578 4,
                     554 4
                   Z" fill="url(#gradient_node_2908721_node_7d12c1d8)"
  />
  <path d="M 818 -3
                   C 834 -3,
                     842 -1.25,
                     858 -1.25
                   L 858 1.25
                   C 842 1.25,
                     834 3,
                     818 3
                   Z" fill="url(#gradient_node_7d12c1d8_node_2fe81c0a)"
  />
  <path d="M 1068 0
                     C 1080 0,
                       1086 12.399999999999999,
                       1098 12.399999999999999" stroke="#8892d8" stroke-width="2"
  fill="none" />
  <path d="M 1252 12.399999999999999
                     C 1262 12.399999999999999,
                       1267 0,
                       1277 0" stroke="#8892d8" stroke-width="2" fill="none"
  />
  <text id="node_6ebf66eb_text" font-family="-apple-system, BlinkMacSystemFont, Segoe UI, Roboto, Arial, sans-serif"
  font-size="12px" font-weight="normal" fill="#5562b6" text-anchor="start"
  class="node-text" pointer-events="none">
    <tspan x="1277" y="-14.399999999999999">Level 6 with</tspan>
    <tspan x="1277" dy="14.399999999999999">ThisIsAReallyLongWordWithNoSpacesThatShouldBeSplitIntoMultipleChunksWhenWrappingIsEnabled</tspan>
    <tspan
    x="1277" dy="14.399999999999999">for testing purposes</tspan>
  </text>
  <rect x="1098" y="0.1999999999999993" width="154" height="24.4" rx="5"
  ry="5" fill="url(#level5Gradient)" fill-opacity="0.9" stroke="#a5add8"
  stroke-width="2" filter="url(#dropShadow)" id="node_3296cfa7_rect" class="node-shape"
  />
  <text x="1175" y="12.399999999999999" id="node_3296cfa7_text" font-family="-apple-system, BlinkMacSystemFont, Segoe UI, Roboto, Arial, sans-serif"
  font-size="12px" font-weight="normal" fill="#5562b6" text-anchor="middle"
  dominant-baseline="middle" class="node-text" pointer-events="none">Level 5 with normal text</text>
  <g class="collapse-indicator" id="node_3296cfa7_indicator">
    <circle cx="1258" cy="12.399999999999999" r="6" fill="#6d75ad" stroke="#525882"
    stroke-width="1" />
    <line x1="1255" y1="12.399999999999999" x2="1261" y2="12.399999999999999"
    stroke="#fff" stroke-width="1.5" />
  </g>
  <rect x="858" y="-63.800000000000004" width="210" height="127.60000000000001"
  rx="6" ry="6" fill="url(#level4Gradient)" fill-opacity="0.9" stroke="#8892d8"
  stroke-width="2" filter="url(#dropShadow)" id="node_2fe81c0a_rect" class="node-shape"
  />
  <text id="node_2fe81c0a_text" font-family="-apple-system, BlinkMacSystemFont, Segoe UI, Roboto, Arial, sans-serif"
  font-size="14px" font-weight="normal" fill="#ffffff" text-anchor="middle"
  class="node-text" pointer-events="none">
    <tspan x="963" y="-50.400000000000006">Level 4 contains a very very</tspan>
    <tspan x="963" dy="16.8">very very very very very</tspan>
    <tspan x="963" dy="16.8">very very very very long</tspan>
    <tspan x="963" dy="16.8">word</tspan>
    <tspan x="963" dy="16.8">supercalifragilisticexpialidocious</tspan>
    <tspan x="963" dy="16.8">which should be split based</tspan>
    <tspan x="963" dy="16.8">on maxWordLength</tspan>
  </text>
  <g class="collapse-indicator" id="node_2fe81c0a_indicator">
    <circle cx="1074" cy="0" r="6" fill="#6d75ad" stroke="#525882" stroke-width="1"
    />
    <line x1="1071" y1="0" x2="1077" y2="0" stroke="#fff" stroke-width="1.5"
    />
  </g>
  <rect x="614" y="-77.2" width="204" height="154.4" rx="8" ry="8" fill="url(#level3Gradient)"
  fill-opacity="0.9" stroke="#6a75c9" stroke-width="2" filter="url(#dropShadow)"
  id="node_7d12c1d8_rect" class="node-shape" />
  <text id="node_7d12c1d8_text" font-family="-apple-system, BlinkMacSystemFont, Segoe UI, Roboto, Arial, sans-serif"
  font-size="16px" font-weight="normal" fill="#ffffff" text-anchor="middle"
  class="node-text" pointer-events="none">
    <tspan x="716" y="-57.6">Level 3 bullet with a</tspan>
    <tspan x="716" dy="19.2">significantly long text</tspan>
    <tspan x="716" dy="19.2">string that will</tspan>
    <tspan x="716" dy="19.2">definitely need to wrap</tspan>
    <tspan x="716" dy="19.2">because it exceeds any</tspan>
    <tspan x="716" dy="19.2">reasonable node width</tspan>
    <tspan x="716" dy="19.2">limit</tspan>
  </text>
  <g class="collapse-indicator" id="node_7d12c1d8_indicator">
    <circle cx="824" cy="0" r="6" fill="#555ea1" stroke="#404679" stroke-width="1"
    />
    <line x1="821" y1="0" x2="827" y2="0" stroke="#fff" stroke-width="1.5"
    />
  </g>
  <rect x="336" y="-85.6" width="218" height="171.2" rx="10" ry="10" fill="url(#level2Gradient)"
  fill-opacity="0.9" stroke="#5562b6" stroke-width="2" filter="url(#dropShadow)"
  id="node_2908721_rect" class="node-shape" />
  <text id="node_2908721_text" font-family="-apple-system, BlinkMacSystemFont, Segoe UI, Roboto, Arial, sans-serif"
  font-size="18px" font-weight="bold" fill="#ffffff" text-anchor="middle"
  class="node-text" pointer-events="none">
    <tspan x="445" y="-64.8">This is a level 2</tspan>
    <tspan x="445" dy="21.599999999999998">heading with a very</tspan>
    <tspan x="445" dy="21.599999999999998">long text that should</tspan>
    <tspan x="445" dy="21.599999999999998">be wrapped to multiple</tspan>
    <tspan x="445" dy="21.599999999999998">lines based on</tspan>
    <tspan x="445" dy="21.599999999999998">configured maximum</tspan>
    <tspan x="445" dy="21.599999999999998">width</tspan>
  </text>
  <g class="collapse-indicator" id="node_2908721_indicator">
    <circle cx="560" cy="0" r="6" fill="#444e92" stroke="#333b6d" stroke-width="1"
    />
    <line x1="557" y1="0" x2="563" y2="0" stroke="#fff" stroke-width="1.5"
    />
  </g>
  <path d="M 256 74
                   C 288 74,
                     304 188.2,
                     336 188.2
                   L 336 194.2
                   C 304 194.2,
                     288 90,
                     256 90
                   Z" fill="url(#gradient_node_195b867_node_7ada6a38)"
  />
  <path d="M 491 187.2
                   C 515 187.2,
                     527 189.2,
                     551 189.2
                   L 551 193.2
                   C 527 193.2,
                     515 195.2,
                     491 195.2
                   Z" fill="url(#gradient_node_7ada6a38_node_614144a8)"
  />
  <rect x="551" y="171.6" width="116" height="39.2" rx="8" ry="8" fill="url(#level3Gradient)"
  fill-opacity="0.9" stroke="#6a75c9" stroke-width="2" filter="url(#dropShadow)"
  id="node_614144a8_rect" class="node-shape" />
  <text x="609" y="191.2" id="node_614144a8_text" font-family="-apple-system, BlinkMacSystemFont, Segoe UI, Roboto, Arial, sans-serif"
  font-size="16px" font-weight="normal" fill="#ffffff" text-anchor="middle"
  dominant-baseline="middle" class="node-text" pointer-events="none">Short bullet</text>
  <rect x="336" y="170.39999999999998" width="155" height="41.599999999999994"
  rx="10" ry="10" fill="url(#level2Gradient)" fill-opacity="0.9" stroke="#5562b6"
  stroke-width="2" filter="url(#dropShadow)" id="node_7ada6a38_rect" class="node-shape"
  />
  <text x="413.5" y="191.2" id="node_7ada6a38_text" font-family="-apple-system, BlinkMacSystemFont, Segoe UI, Roboto, Arial, sans-serif"
  font-size="18px" font-weight="bold" fill="#ffffff" text-anchor="middle"
  dominant-baseline="middle" class="node-text" pointer-events="none">Regular heading</text>
  <g class="collapse-indicator" id="node_7ada6a38_indicator">
    <circle cx="497" cy="191.2" r="6" fill="#444e92" stroke="#333b6d" stroke-width="1"
    />
    <line x1="494" y1="191.2" x2="500" y2="191.2" stroke="#fff" stroke-width="1.5"
    />
  </g>
  <rect x="0" y="47.6" width="256" height="68.8" rx="12" ry="12" fill="url(#level1Gradient)"
  fill-opacity="0.9" stroke="#3a459a" stroke-width="3" filter="url(#dropShadow)"
  id="node_195b867_rect" class="node-shape" />
  <text x="128" y="82" id="node_195b867_text" font-family="-apple-system, BlinkMacSystemFont, Segoe UI, Roboto, Arial, sans-serif"
  font-size="24px" font-weight="bold" fill="#ffffff" text-anchor="middle"
  dominant-baseline="middle" class="node-text" pointer-events="none">Text Wrapping Test</text>
  <g class="collapse-indicator" id="node_195b867_indicator">
    <circle cx="262" cy="82" r="6" fill="#2e377b" stroke="#23295c" stroke-width="1"
    />
    <line x1="259" y1="82" x2="265" y2="82" stroke="#fff" stroke-width="1.5"
    />
  </g>
</svg>
`;

exports[`Text Wrapping Snapshots Text with wrap=none should not wrap regardless of length 1`] = `
<svg xmlns="http://www.w3.org/2000/svg" width="5357" height="302" viewBox="-100 -120.8 5357 302">
  <defs>
    <linearGradient id="level1Gradient" x1="0%" y1="0%" x2="100%" y2="100%">
      <stop offset="0%" style="stop-color:#535353;stop-opacity:1" />
      <stop offset="100%" style="stop-color:#080808;stop-opacity:1" />
    </linearGradient>
    <linearGradient id="level2Gradient" x1="0%" y1="0%" x2="100%" y2="100%">
      <stop offset="0%" style="stop-color:#535353;stop-opacity:1" />
      <stop offset="100%" style="stop-color:#080808;stop-opacity:1" />
    </linearGradient>
    <linearGradient id="level3Gradient" x1="0%" y1="0%" x2="100%" y2="100%">
      <stop offset="0%" style="stop-color:#535353;stop-opacity:1" />
      <stop offset="100%" style="stop-color:#080808;stop-opacity:1" />
    </linearGradient>
    <linearGradient id="level4Gradient" x1="0%" y1="0%" x2="100%" y2="100%">
      <stop offset="0%" style="stop-color:#535353;stop-opacity:1" />
      <stop offset="100%" style="stop-color:#080808;stop-opacity:1" />
    </linearGradient>
    <linearGradient id="level5Gradient" x1="0%" y1="0%" x2="100%" y2="100%">
      <stop offset="0%" style="stop-color:#535353;stop-opacity:1" />
      <stop offset="100%" style="stop-color:#080808;stop-opacity:1" />
    </linearGradient>
    <linearGradient id="level6Gradient" x1="0%" y1="0%" x2="100%" y2="100%">
      <stop offset="0%" style="stop-color:#535353;stop-opacity:1" />
      <stop offset="100%" style="stop-color:#080808;stop-opacity:1" />
    </linearGradient>
    <filter id="dropShadow">
      <feGaussianBlur in="SourceAlpha" stdDeviation="2" />
      <feOffset dx="2" dy="2" result="offsetblur" />
      <feComponentTransfer>
        <feFuncA type="linear" slope="0.2" />
      </feComponentTransfer>
      <feMerge>
        <feMergeNode/>
        <feMergeNode in="SourceGraphic" />
      </feMerge>
    </filter>
  </defs>
  <path d="M 182 29.599999999999994
                     C 194 29.599999999999994,
                       200 1.1999999999999957,
                       212 1.1999999999999957" stroke="#666666" stroke-width="2"
  fill="none" />
  <path d="M 1208 1.1999999999999957
                     C 1220 1.1999999999999957,
                       1226 2.3999999999999986,
                       1238 2.3999999999999986" stroke="#666666" stroke-width="2"
  fill="none" />
  <path d="M 2217 2.3999999999999986
                     C 2229 2.3999999999999986,
                       2235 0,
                       2247 0" stroke="#666666" stroke-width="2" fill="none"
  />
  <path d="M 3734 0
                     C 3746 0,
                       3752 0,
                       3764 0" stroke="#666666" stroke-width="2" fill="none"
  />
  <path d="M 4000 0
                     C 4012 0,
                       4018 0,
                       4030 0" stroke="#666666" stroke-width="2" fill="none"
  />
  <rect x="4030" y="-20.799999999999997" width="1127" height="41.599999999999994"
  rx="5" ry="5" fill="url(#level6Gradient)" fill-opacity="0.9" stroke="#cccccc"
  stroke-width="2" filter="url(#dropShadow)" id="node_6ebf66eb_rect" class="node-shape"
  />
  <text x="4593.5" y="0" id="node_6ebf66eb_text" font-family="-apple-system, BlinkMacSystemFont, Segoe UI, Roboto, Arial, sans-serif"
  font-size="18px" font-weight="bold" fill="#000000" text-anchor="middle"
  dominant-baseline="middle" class="node-text" pointer-events="none">Level 6 with ThisIsAReallyLongWordWithNoSpacesThatShouldBeSplitIntoMultipleChunksWhenWrappingIsEnabled
    for testing purposes</text>
  <rect x="3764" y="-20.799999999999997" width="236"
  height="41.599999999999994" rx="5" ry="5" fill="url(#level5Gradient)" fill-opacity="0.9"
  stroke="#cccccc" stroke-width="2" filter="url(#dropShadow)" id="node_3296cfa7_rect"
  class="node-shape" />
  <text x="3882" y="0" id="node_3296cfa7_text" font-family="-apple-system, BlinkMacSystemFont, Segoe UI, Roboto, Arial, sans-serif"
  font-size="18px" font-weight="bold" fill="#000000" text-anchor="middle"
  dominant-baseline="middle" class="node-text" pointer-events="none">Level 5 with normal text</text>
  <g class="collapse-indicator" id="node_3296cfa7_indicator">
    <circle cx="4006" cy="0" r="6" fill="#525252" stroke="#3d3d3d" stroke-width="1"
    />
    <line x1="4003" y1="0" x2="4009" y2="0" stroke="#fff" stroke-width="1.5"
    />
  </g>
  <rect x="2247" y="-20.799999999999997" width="1487" height="41.599999999999994"
  rx="5" ry="5" fill="url(#level4Gradient)" fill-opacity="0.9" stroke="#cccccc"
  stroke-width="2" filter="url(#dropShadow)" id="node_2fe81c0a_rect" class="node-shape"
  />
  <text x="2990.5" y="0" id="node_2fe81c0a_text" font-family="-apple-system, BlinkMacSystemFont, Segoe UI, Roboto, Arial, sans-serif"
  font-size="18px" font-weight="bold" fill="#000000" text-anchor="middle"
  dominant-baseline="middle" class="node-text" pointer-events="none">Level 4 contains a very very very very very very very very very very very
    long word supercalifragilisticexpialidocious which should be split based
    on maxWordLength</text>
  <g class="collapse-indicator" id="node_2fe81c0a_indicator">
    <circle cx="3740" cy="0" r="6" fill="#525252" stroke="#3d3d3d" stroke-width="1"
    />
    <line x1="3737" y1="0" x2="3743" y2="0" stroke="#fff" stroke-width="1.5"
    />
  </g>
  <rect x="1238" y="-16" width="979" height="36.8" rx="5" ry="5" fill="url(#level3Gradient)"
  fill-opacity="0.9" stroke="#cccccc" stroke-width="2" filter="url(#dropShadow)"
  id="node_7d12c1d8_rect" class="node-shape" />
  <text x="1727.5" y="2.3999999999999986" id="node_7d12c1d8_text" font-family="-apple-system, BlinkMacSystemFont, Segoe UI, Roboto, Arial, sans-serif"
  font-size="14px" font-weight="normal" fill="#000000" text-anchor="middle"
  dominant-baseline="middle" class="node-text" pointer-events="none">Level 3 bullet with a significantly long text string that will definitely
    need to wrap because it exceeds any reasonable node width limit</text>
  <g
  class="collapse-indicator" id="node_7d12c1d8_indicator">
    <circle cx="2223" cy="2.3999999999999986" r="6" fill="#525252" stroke="#3d3d3d"
    stroke-width="1" />
    <line x1="2220" y1="2.3999999999999986" x2="2226" y2="2.3999999999999986"
    stroke="#fff" stroke-width="1.5" />
    </g>
    <rect x="212" y="-18.400000000000006" width="996" height="39.2" rx="5"
    ry="5" fill="url(#level2Gradient)" fill-opacity="0.9" stroke="#cccccc"
    stroke-width="2" filter="url(#dropShadow)" id="node_2908721_rect" class="node-shape"
    />
    <text x="710" y="1.1999999999999957" id="node_2908721_text" font-family="-apple-system, BlinkMacSystemFont, Segoe UI, Roboto, Arial, sans-serif"
    font-size="16px" font-weight="normal" fill="#000000" text-anchor="middle"
    dominant-baseline="middle" class="node-text" pointer-events="none">This is a level 2 heading with a very long text that should be wrapped
      to multiple lines based on configured maximum width</text>
    <g class="collapse-indicator"
    id="node_2908721_indicator">
      <circle cx="1214" cy="1.1999999999999957" r="6" fill="#525252" stroke="#3d3d3d"
      stroke-width="1" />
      <line x1="1211" y1="1.1999999999999957" x2="1217" y2="1.1999999999999957"
      stroke="#fff" stroke-width="1.5" />
    </g>
    <path d="M 182 29.599999999999994
                     C 194 29.599999999999994,
                       200 61.599999999999994,
                       212 61.599999999999994" stroke="#666666" stroke-width="2"
    fill="none" />
    <path d="M 352 61.599999999999994
                     C 364 61.599999999999994,
                       370 61.599999999999994,
                       382 61.599999999999994" stroke="#666666" stroke-width="2"
    fill="none" />
    <rect x="382" y="43.199999999999996" width="104" height="36.8" rx="5"
    ry="5" fill="url(#level3Gradient)" fill-opacity="0.9" stroke="#cccccc"
    stroke-width="2" filter="url(#dropShadow)" id="node_614144a8_rect" class="node-shape"
    />
    <text x="434" y="61.599999999999994" id="node_614144a8_text" font-family="-apple-system, BlinkMacSystemFont, Segoe UI, Roboto, Arial, sans-serif"
    font-size="14px" font-weight="normal" fill="#000000" text-anchor="middle"
    dominant-baseline="middle" class="node-text" pointer-events="none">Short bullet</text>
    <rect x="212" y="41.99999999999999" width="140" height="39.2"
    rx="5" ry="5" fill="url(#level2Gradient)" fill-opacity="0.9" stroke="#cccccc"
    stroke-width="2" filter="url(#dropShadow)" id="node_7ada6a38_rect" class="node-shape"
    />
    <text x="282" y="61.599999999999994" id="node_7ada6a38_text" font-family="-apple-system, BlinkMacSystemFont, Segoe UI, Roboto, Arial, sans-serif"
    font-size="16px" font-weight="normal" fill="#000000" text-anchor="middle"
    dominant-baseline="middle" class="node-text" pointer-events="none">Regular heading</text>
    <g class="collapse-indicator" id="node_7ada6a38_indicator">
      <circle cx="358" cy="61.599999999999994" r="6" fill="#525252" stroke="#3d3d3d"
      stroke-width="1" />
      <line x1="355" y1="61.599999999999994" x2="361" y2="61.599999999999994"
      stroke="#fff" stroke-width="1.5" />
    </g>
    <rect x="0" y="8.799999999999997" width="182" height="41.599999999999994"
    rx="5" ry="5" fill="url(#level1Gradient)" fill-opacity="0.9" stroke="#cccccc"
    stroke-width="2" filter="url(#dropShadow)" id="node_195b867_rect" class="node-shape"
    />
    <text x="91" y="29.599999999999994" id="node_195b867_text" font-family="-apple-system, BlinkMacSystemFont, Segoe UI, Roboto, Arial, sans-serif"
    font-size="18px" font-weight="bold" fill="#000000" text-anchor="middle"
    dominant-baseline="middle" class="node-text" pointer-events="none">Text Wrapping Test</text>
    <g class="collapse-indicator" id="node_195b867_indicator">
      <circle cx="188" cy="29.599999999999994" r="6" fill="#525252" stroke="#3d3d3d"
      stroke-width="1" />
      <line x1="185" y1="29.599999999999994" x2="191" y2="29.599999999999994"
      stroke="#fff" stroke-width="1.5" />
    </g>
</svg>
`;
